<html>
<body>
<pre>
<h1>µVision Build Log</h1>
<h2>Tool Versions:</h2>
IDE-Version: µVision V5.16.0.0
Copyright (C) 2015 ARM Ltd and ARM Germany GmbH. All rights reserved.
License Information: one two, light mirror, LIC=P6FVE-586CU-222L4-FI5RA-Q56IR-VRTX3
 
Tool Versions:
Toolchain:       MDK-ARM Professional  Version: 5.16.0.0
Toolchain Path:  C:\Keil\ARM\ARMCC\Bin
C Compiler:      Armcc.exe V5.06 (build 20)
Assembler:       Armasm.exe V5.06 (build 20)
Linker/Locator:  ArmLink.exe V5.06 (build 20)
Library Manager: ArmAr.exe V5.06 (build 20)
Hex Converter:   FromElf.exe V5.06 (build 20)
CPU DLL:         SARMCM3.DLL V5.16.0.0
Dialog DLL:      DCM.DLL V1.13.2.0
Target DLL:      Segger\JL2CM3.dll V2.99.20.0
Dialog DLL:      TCM.DLL V1.14.5.0
 
<h2>Project:</h2>
C:\work\kazan_ethernet\GPSHotStart\gpshotstart.uvprojx
Project File Date:  08/25/2016

<h2>Output:</h2>
*** Using Compiler 'V5.06 (build 20)', folder: 'C:\Keil\ARM\ARMCC\Bin'
Rebuild target 'stm32f417'
compiling ubloxOp.cpp...
assembling startup_stm32f40xx.s...
compiling main.cpp...
compiling system_stm32f4xx.c...
compiling misc.c...
compiling stm32f4xx_gpio.c...
compiling stm32f4xx_usart.c...
compiling stm32f4xx_rcc.c...
compiling tm_stm32f4_gpio.c...
compiling stm32f4xx_spi.c...
compiling tm_stm32f4_usart.c...
linking...
Program Size: Code=6720 RO-data=424 RW-data=160 ZI-data=27312  
".\Objects\gpshotstart.axf" - 0 Error(s), 0 Warning(s).

<h2>Collection of Component include folders:</h2>
  C:\work\kazan_ethernet\GPSHotStart\RTE
  C:\Keil\ARM\PACK\Keil\STM32F4xx_DFP\1.0.5\Device\Include

<h2>Collection of Component Files used:</h2>
Build Time Elapsed:  00:00:02
</pre>
</body>
</html>
